[0.014s][info][gc,init] CardTable entry size: 512
[0.017s][info][gc     ] Using G1
[0.023s][info][gc,init] Version: 21.0.2+13 (release)
[0.023s][info][gc,init] CPUs: 6 total, 6 available
[0.024s][info][gc,init] Memory: 15996M
[0.024s][info][gc,init] Large Page Support: Disabled
[0.024s][info][gc,init] NUMA Support: Disabled
[0.024s][info][gc,init] Compressed Oops: Enabled (Zero based)
[0.024s][info][gc,init] Heap Region Size: 4M
[0.024s][info][gc,init] Heap Min Capacity: 512M
[0.024s][info][gc,init] Heap Initial Capacity: 512M
[0.024s][info][gc,init] Heap Max Capacity: 8G
[0.024s][info][gc,init] Pre-touch: Disabled
[0.024s][info][gc,init] Parallel Workers: 6
[0.024s][info][gc,init] Concurrent Workers: 2
[0.024s][info][gc,init] Concurrent Refinement Workers: 6
[0.024s][info][gc,init] Periodic GC: Disabled
[0.060s][info][gc,metaspace] CDS archive(s) mapped at: [0x00007c360b000000-0x00007c360bca6000-0x00007c360bca6000), size 13262848, SharedBaseAddress: 0x00007c360b000000, ArchiveRelocationMode: 1.
[0.066s][info][gc,metaspace] Compressed class space mapped at: 0x00007c360c000000-0x00007c364c000000, reserved size: 1073741824
[0.069s][info][gc,metaspace] Narrow klass base: 0x00007c360b000000, Narrow klass shift: 0, Narrow klass range: 0x100000000
[5.558s][info][gc,start    ] GC(0) Pause Young (Normal) (G1 Evacuation Pause)
[5.567s][info][gc,task     ] GC(0) Using 6 workers of 6 for evacuation
[5.588s][info][gc,phases   ] GC(0)   Pre Evacuate Collection Set: 0.2ms
[5.588s][info][gc,phases   ] GC(0)   Merge Heap Roots: 0.2ms
[5.588s][info][gc,phases   ] GC(0)   Evacuate Collection Set: 19.0ms
[5.588s][info][gc,phases   ] GC(0)   Post Evacuate Collection Set: 0.8ms
[5.588s][info][gc,phases   ] GC(0)   Other: 9.1ms
[5.588s][info][gc,heap     ] GC(0) Eden regions: 6->0(5)
[5.588s][info][gc,heap     ] GC(0) Survivor regions: 0->1(1)
[5.588s][info][gc,heap     ] GC(0) Old regions: 1->2
[5.588s][info][gc,heap     ] GC(0) Humongous regions: 0->0
[5.588s][info][gc,metaspace] GC(0) Metaspace: 11439K(11776K)->11439K(11776K) NonClass: 10192K(10368K)->10192K(10368K) Class: 1247K(1408K)->1247K(1408K)
[5.588s][info][gc          ] GC(0) Pause Young (Normal) (G1 Evacuation Pause) 25M->5M(516M) 29.715ms
[5.588s][info][gc,cpu      ] GC(0) User=0.02s Sys=0.01s Real=0.04s
[6.028s][info][gc,start    ] GC(1) Pause Young (Normal) (G1 Evacuation Pause)
[6.028s][info][gc,task     ] GC(1) Using 6 workers of 6 for evacuation
[6.047s][info][gc,phases   ] GC(1)   Pre Evacuate Collection Set: 0.4ms
[6.047s][info][gc,phases   ] GC(1)   Merge Heap Roots: 3.6ms
[6.047s][info][gc,phases   ] GC(1)   Evacuate Collection Set: 13.4ms
[6.047s][info][gc,phases   ] GC(1)   Post Evacuate Collection Set: 1.2ms
[6.047s][info][gc,phases   ] GC(1)   Other: 0.2ms
[6.047s][info][gc,heap     ] GC(1) Eden regions: 5->0(16)
[6.047s][info][gc,heap     ] GC(1) Survivor regions: 1->1(1)
[6.047s][info][gc,heap     ] GC(1) Old regions: 2->3
[6.047s][info][gc,heap     ] GC(1) Humongous regions: 0->0
[6.047s][info][gc,metaspace] GC(1) Metaspace: 11796K(12224K)->11796K(12224K) NonClass: 10512K(10752K)->10512K(10752K) Class: 1283K(1472K)->1283K(1472K)
[6.047s][info][gc          ] GC(1) Pause Young (Normal) (G1 Evacuation Pause) 25M->7M(516M) 19.835ms
[6.047s][info][gc,cpu      ] GC(1) User=0.02s Sys=0.01s Real=0.02s
[6.870s][info][gc,start    ] GC(2) Pause Young (Normal) (G1 Evacuation Pause)
[6.871s][info][gc,task     ] GC(2) Using 6 workers of 6 for evacuation
[6.907s][info][gc,phases   ] GC(2)   Pre Evacuate Collection Set: 0.8ms
[6.907s][info][gc,phases   ] GC(2)   Merge Heap Roots: 0.1ms
[6.907s][info][gc,phases   ] GC(2)   Evacuate Collection Set: 34.8ms
[6.907s][info][gc,phases   ] GC(2)   Post Evacuate Collection Set: 0.5ms
[6.907s][info][gc,phases   ] GC(2)   Other: 0.1ms
[6.907s][info][gc,heap     ] GC(2) Eden regions: 16->0(75)
[6.907s][info][gc,heap     ] GC(2) Survivor regions: 1->1(3)
[6.907s][info][gc,heap     ] GC(2) Old regions: 3->3
[6.907s][info][gc,heap     ] GC(2) Humongous regions: 0->0
[6.907s][info][gc,metaspace] GC(2) Metaspace: 11900K(12288K)->11900K(12288K) NonClass: 10614K(10816K)->10614K(10816K) Class: 1285K(1472K)->1285K(1472K)
[6.907s][info][gc          ] GC(2) Pause Young (Normal) (G1 Evacuation Pause) 71M->7M(516M) 36.624ms
[6.907s][info][gc,cpu      ] GC(2) User=0.01s Sys=0.01s Real=0.04s
[11.430s][info][gc,start    ] GC(3) Pause Young (Normal) (G1 Evacuation Pause)
[11.430s][info][gc,task     ] GC(3) Using 6 workers of 6 for evacuation
[11.457s][info][gc,phases   ] GC(3)   Pre Evacuate Collection Set: 1.6ms
[11.457s][info][gc,phases   ] GC(3)   Merge Heap Roots: 0.1ms
[11.457s][info][gc,phases   ] GC(3)   Evacuate Collection Set: 19.3ms
[11.457s][info][gc,phases   ] GC(3)   Post Evacuate Collection Set: 5.8ms
[11.457s][info][gc,phases   ] GC(3)   Other: 0.1ms
[11.457s][info][gc,heap     ] GC(3) Eden regions: 75->0(75)
[11.457s][info][gc,heap     ] GC(3) Survivor regions: 1->1(10)
[11.457s][info][gc,heap     ] GC(3) Old regions: 3->3
[11.457s][info][gc,heap     ] GC(3) Humongous regions: 0->0
[11.457s][info][gc,metaspace] GC(3) Metaspace: 12028K(12416K)->12028K(12416K) NonClass: 10739K(10944K)->10739K(10944K) Class: 1288K(1472K)->1288K(1472K)
[11.457s][info][gc          ] GC(3) Pause Young (Normal) (G1 Evacuation Pause) 307M->7M(516M) 27.209ms
[11.457s][info][gc,cpu      ] GC(3) User=0.03s Sys=0.00s Real=0.03s
[13.670s][info][gc,heap,exit] Heap
[13.671s][info][gc,heap,exit]  garbage-first heap   total 528384K, used 196125K [0x0000000600000000, 0x0000000800000000)
[13.671s][info][gc,heap,exit]   region size 4096K, 48 young (196608K), 1 survivors (4096K)
[13.671s][info][gc,heap,exit]  Metaspace       used 12076K, committed 12416K, reserved 1114112K
[13.671s][info][gc,heap,exit]   class space    used 1288K, committed 1472K, reserved 1048576K
