[0.003s][info][gc,init] CardTable entry size: 512
[0.014s][info][gc     ] Using G1
[0.019s][info][gc,init] Version: 21.0.2+13 (release)
[0.019s][info][gc,init] CPUs: 6 total, 6 available
[0.019s][info][gc,init] Memory: 15996M
[0.019s][info][gc,init] Large Page Support: Disabled
[0.019s][info][gc,init] NUMA Support: Disabled
[0.019s][info][gc,init] Compressed Oops: Enabled (Zero based)
[0.019s][info][gc,init] Heap Region Size: 4M
[0.019s][info][gc,init] Heap Min Capacity: 512M
[0.019s][info][gc,init] Heap Initial Capacity: 512M
[0.019s][info][gc,init] Heap Max Capacity: 8G
[0.019s][info][gc,init] Pre-touch: Disabled
[0.019s][info][gc,init] Parallel Workers: 6
[0.019s][info][gc,init] Concurrent Workers: 2
[0.019s][info][gc,init] Concurrent Refinement Workers: 6
[0.019s][info][gc,init] Periodic GC: Disabled
[0.035s][info][gc,metaspace] CDS archive(s) mapped at: [0x00007203cb000000-0x00007203cbca6000-0x00007203cbca6000), size 13262848, SharedBaseAddress: 0x00007203cb000000, ArchiveRelocationMode: 1.
[0.035s][info][gc,metaspace] Compressed class space mapped at: 0x00007203cc000000-0x000072040c000000, reserved size: 1073741824
[0.035s][info][gc,metaspace] Narrow klass base: 0x00007203cb000000, Narrow klass shift: 0, Narrow klass range: 0x100000000
[4.028s][info][gc,start    ] GC(0) Pause Young (Normal) (G1 Evacuation Pause)
[4.033s][info][gc,task     ] GC(0) Using 6 workers of 6 for evacuation
[4.052s][info][gc,phases   ] GC(0)   Pre Evacuate Collection Set: 0.3ms
[4.052s][info][gc,phases   ] GC(0)   Merge Heap Roots: 1.1ms
[4.052s][info][gc,phases   ] GC(0)   Evacuate Collection Set: 16.4ms
[4.052s][info][gc,phases   ] GC(0)   Post Evacuate Collection Set: 0.9ms
[4.052s][info][gc,phases   ] GC(0)   Other: 5.0ms
[4.052s][info][gc,heap     ] GC(0) Eden regions: 6->0(5)
[4.052s][info][gc,heap     ] GC(0) Survivor regions: 0->1(1)
[4.052s][info][gc,heap     ] GC(0) Old regions: 1->2
[4.052s][info][gc,heap     ] GC(0) Humongous regions: 0->0
[4.052s][info][gc,metaspace] GC(0) Metaspace: 11379K(11712K)->11379K(11712K) NonClass: 10131K(10304K)->10131K(10304K) Class: 1247K(1408K)->1247K(1408K)
[4.052s][info][gc          ] GC(0) Pause Young (Normal) (G1 Evacuation Pause) 25M->5M(516M) 24.205ms
[4.052s][info][gc,cpu      ] GC(0) User=0.01s Sys=0.01s Real=0.02s
[4.417s][info][gc,start    ] GC(1) Pause Young (Normal) (G1 Evacuation Pause)
[4.417s][info][gc,task     ] GC(1) Using 6 workers of 6 for evacuation
[4.436s][info][gc,phases   ] GC(1)   Pre Evacuate Collection Set: 0.4ms
[4.438s][info][gc,phases   ] GC(1)   Merge Heap Roots: 0.1ms
[4.438s][info][gc,phases   ] GC(1)   Evacuate Collection Set: 17.3ms
[4.438s][info][gc,phases   ] GC(1)   Post Evacuate Collection Set: 2.1ms
[4.438s][info][gc,phases   ] GC(1)   Other: 0.1ms
[4.438s][info][gc,heap     ] GC(1) Eden regions: 5->0(17)
[4.438s][info][gc,heap     ] GC(1) Survivor regions: 1->1(1)
[4.438s][info][gc,heap     ] GC(1) Old regions: 2->3
[4.438s][info][gc,heap     ] GC(1) Humongous regions: 0->0
[4.438s][info][gc,metaspace] GC(1) Metaspace: 11742K(12160K)->11742K(12160K) NonClass: 10456K(10688K)->10456K(10688K) Class: 1285K(1472K)->1285K(1472K)
[4.438s][info][gc          ] GC(1) Pause Young (Normal) (G1 Evacuation Pause) 25M->7M(516M) 21.853ms
[4.438s][info][gc,cpu      ] GC(1) User=0.01s Sys=0.00s Real=0.02s
[5.098s][info][gc,start    ] GC(2) Pause Young (Normal) (G1 Evacuation Pause)
[5.098s][info][gc,task     ] GC(2) Using 6 workers of 6 for evacuation
[5.142s][info][gc,phases   ] GC(2)   Pre Evacuate Collection Set: 0.3ms
[5.142s][info][gc,phases   ] GC(2)   Merge Heap Roots: 0.1ms
[5.142s][info][gc,phases   ] GC(2)   Evacuate Collection Set: 43.2ms
[5.142s][info][gc,phases   ] GC(2)   Post Evacuate Collection Set: 0.3ms
[5.142s][info][gc,phases   ] GC(2)   Other: 0.1ms
[5.142s][info][gc,heap     ] GC(2) Eden regions: 17->0(75)
[5.142s][info][gc,heap     ] GC(2) Survivor regions: 1->1(3)
[5.142s][info][gc,heap     ] GC(2) Old regions: 3->3
[5.142s][info][gc,heap     ] GC(2) Humongous regions: 0->0
[5.142s][info][gc,metaspace] GC(2) Metaspace: 11855K(12224K)->11855K(12224K) NonClass: 10565K(10752K)->10565K(10752K) Class: 1289K(1472K)->1289K(1472K)
[5.142s][info][gc          ] GC(2) Pause Young (Normal) (G1 Evacuation Pause) 75M->8M(516M) 44.445ms
[5.142s][info][gc,cpu      ] GC(2) User=0.06s Sys=0.01s Real=0.04s
[7.866s][info][gc,start    ] GC(3) Pause Young (Normal) (G1 Evacuation Pause)
[7.866s][info][gc,task     ] GC(3) Using 6 workers of 6 for evacuation
[7.892s][info][gc,phases   ] GC(3)   Pre Evacuate Collection Set: 0.2ms
[7.892s][info][gc,phases   ] GC(3)   Merge Heap Roots: 0.1ms
[7.892s][info][gc,phases   ] GC(3)   Evacuate Collection Set: 23.9ms
[7.892s][info][gc,phases   ] GC(3)   Post Evacuate Collection Set: 1.3ms
[7.892s][info][gc,phases   ] GC(3)   Other: 0.1ms
[7.892s][info][gc,heap     ] GC(3) Eden regions: 75->0(75)
[7.892s][info][gc,heap     ] GC(3) Survivor regions: 1->1(10)
[7.892s][info][gc,heap     ] GC(3) Old regions: 3->3
[7.892s][info][gc,heap     ] GC(3) Humongous regions: 0->0
[7.892s][info][gc,metaspace] GC(3) Metaspace: 12001K(12352K)->12001K(12352K) NonClass: 10709K(10880K)->10709K(10880K) Class: 1291K(1472K)->1291K(1472K)
[7.892s][info][gc          ] GC(3) Pause Young (Normal) (G1 Evacuation Pause) 308M->9M(516M) 26.087ms
[7.892s][info][gc,cpu      ] GC(3) User=0.02s Sys=0.00s Real=0.02s
[9.668s][info][gc,start    ] GC(4) Pause Young (Normal) (G1 Evacuation Pause)
[9.668s][info][gc,task     ] GC(4) Using 6 workers of 6 for evacuation
[9.682s][info][gc,phases   ] GC(4)   Pre Evacuate Collection Set: 0.2ms
[9.682s][info][gc,phases   ] GC(4)   Merge Heap Roots: 0.1ms
[9.682s][info][gc,phases   ] GC(4)   Evacuate Collection Set: 12.5ms
[9.682s][info][gc,phases   ] GC(4)   Post Evacuate Collection Set: 1.1ms
[9.682s][info][gc,phases   ] GC(4)   Other: 0.1ms
[9.682s][info][gc,heap     ] GC(4) Eden regions: 75->0(74)
[9.682s][info][gc,heap     ] GC(4) Survivor regions: 1->2(10)
[9.682s][info][gc,heap     ] GC(4) Old regions: 3->3
[9.682s][info][gc,heap     ] GC(4) Humongous regions: 0->0
[9.682s][info][gc,metaspace] GC(4) Metaspace: 12117K(12480K)->12117K(12480K) NonClass: 10825K(11008K)->10825K(11008K) Class: 1291K(1472K)->1291K(1472K)
[9.682s][info][gc          ] GC(4) Pause Young (Normal) (G1 Evacuation Pause) 309M->10M(516M) 14.515ms
[9.682s][info][gc,cpu      ] GC(4) User=0.02s Sys=0.00s Real=0.01s
[11.070s][info][gc,heap,exit] Heap
[11.070s][info][gc,heap,exit]  garbage-first heap   total 528384K, used 217475K [0x0000000600000000, 0x0000000800000000)
[11.070s][info][gc,heap,exit]   region size 4096K, 53 young (217088K), 2 survivors (8192K)
[11.070s][info][gc,heap,exit]  Metaspace       used 12145K, committed 12480K, reserved 1114112K
[11.070s][info][gc,heap,exit]   class space    used 1292K, committed 1472K, reserved 1048576K
